........................................................................ [ 63%]
.........................................                                [100%]
113 passed in 36.41s
